// Jest Snapshot v1, https://goo.gl/fbAQLP

exports[`Should render Earthquakes correctly.. 1`] = `
<Connect(ConnectedList)
  earthquakes={Array []}
/>
`;
