// Jest Snapshot v1, https://goo.gl/fbAQLP

exports[`Should render Filter correctly.. 1`] = `<Connect(ConnectedFilter) />`;
